Flutter crash report.
Please report a bug at https://github.com/flutter/flutter/issues.

## command

flutter attach -d chrome --debug-url ws://127.0.0.1:50145/jDBkNZNUjP0=/ws

## exception

RPCError: _createDevFS: (-32601) Unknown method "_createDevFS".

```
#0      new _OutstandingRequest (package:vm_service/src/vm_service.dart:268:34)
#1      VmService._call.<anonymous closure> (package:vm_service/src/vm_service.dart:1950:25)
#2      VmService._call (package:vm_service/src/vm_service.dart:1962:8)
#3      VmService.callServiceExtension (package:vm_service/src/vm_service.dart:1901:14)
#4      FlutterVmService.createDevFS (package:flutter_tools/src/vmservice.dart:933:20)
#5      DevFS.create (package:flutter_tools/src/devfs.dart:518:61)
#6      FlutterDevice.setupDevFS (package:flutter_tools/src/resident_runner.dart:343:19)
#7      HotRunner._initDevFS (package:flutter_tools/src/run_hot.dart:488:23)
#8      HotRunner._attach (package:flutter_tools/src/run_hot.dart:286:41)
<asynchronous suspension>
#9      AttachCommand._attach (package:flutter_tools/src/commands/attach.dart:306:24)
<asynchronous suspension>
#10     AttachCommand.runCommand (package:flutter_tools/src/commands/attach.dart:266:7)
<asynchronous suspension>
#11     FlutterCommand.run.<anonymous closure> (package:flutter_tools/src/runner/flutter_command.dart:1630:27)
<asynchronous suspension>
#12     AppContext.run.<anonymous closure> (package:flutter_tools/src/base/context.dart:154:19)
<asynchronous suspension>
#13     CommandRunner.runCommand (package:args/command_runner.dart:212:13)
<asynchronous suspension>
#14     FlutterCommandRunner.runCommand.<anonymous closure> (package:flutter_tools/src/runner/flutter_command_runner.dart:496:9)
<asynchronous suspension>
#15     AppContext.run.<anonymous closure> (package:flutter_tools/src/base/context.dart:154:19)
<asynchronous suspension>
#16     FlutterCommandRunner.runCommand (package:flutter_tools/src/runner/flutter_command_runner.dart:431:5)
<asynchronous suspension>
#17     FlutterCommandRunner.run.<anonymous closure> (package:flutter_tools/src/runner/flutter_command_runner.dart:307:33)
<asynchronous suspension>
#18     run.<anonymous closure>.<anonymous closure> (package:flutter_tools/runner.dart:104:11)
<asynchronous suspension>
#19     AppContext.run.<anonymous closure> (package:flutter_tools/src/base/context.dart:154:19)
<asynchronous suspension>
#20     main (package:flutter_tools/executable.dart:103:3)
<asynchronous suspension>
```

## flutter doctor

```
[✓] Flutter (Channel stable, 3.44.6, on Microsoft Windows [Versi¢n 10.0.26200.9278], locale es-VE) [530ms]
    • Flutter version 3.44.6 on channel stable at C:\Users\Asus\flutter
    • Upstream repository https://github.com/flutter/flutter.git
    • Framework revision ee80f08bbf (8 weeks ago), 2026-07-08 15:02:06 -0700
    • Engine revision 83675ed276
    • Dart version 3.12.2
    • DevTools version 2.57.0
    • Feature flags: enable-web, enable-linux-desktop, enable-macos-desktop, enable-windows-desktop, enable-android, enable-ios, cli-animations, enable-native-assets, enable-swift-package-manager, omit-legacy-version-file, enable-lldb-debugging, enable-uiscene-migration

[✓] Windows Version (Windows 11 or higher, 25H2, 2009) [2,0s]

[✓] Android toolchain - develop for Android devices (Android SDK version 37.0.0) [3,3s]
    • Android SDK at C:\Users\Asus\AppData\Local\Android\sdk
    • Emulator version 36.5.10.0 (build_id 15081367) (CL:N/A)
    • Platform android-37.0, build-tools 37.0.0
    • Java binary at: C:\Program Files\Android\Android Studio\jbr\bin\java
      This is the JDK bundled with the latest Android Studio installation on this machine.
      To manually set the JDK path, use: `flutter config --jdk-dir="path/to/jdk"`.
    • Java version OpenJDK Runtime Environment (build 21.0.10+-14961533-b1163.108)
    • All Android licenses accepted.

[✓] Chrome - develop for the web [246ms]
    • Chrome at C:\Program Files\Google\Chrome\Application\chrome.exe

[✓] Visual Studio - develop Windows apps (Visual Studio Professional 2026 Insiders [11605.296]) [244ms]
    • Visual Studio at C:\Program Files\Microsoft Visual Studio\18\Insiders
    • Visual Studio Professional 2026 version 18.5.11605.296
    • The current Visual Studio installation is a pre-release version. It may not be supported by Flutter yet.
    • Windows 10 SDK version 10.0.26100.0

[✓] Connected device (4 available) [802ms]
    • 2107113SI (mobile) • emulator-5554 • android-x64    • Android 9 (API 28)
    • Windows (desktop)  • windows       • windows-x64    • Microsoft Windows [Versi¢n 10.0.26200.9278]
    • Chrome (web)       • chrome        • web-javascript • Google Chrome 151.0.7922.174
    • Edge (web)         • edge          • web-javascript • Microsoft Edge 152.0.4191.53

[✓] Network resources [664ms]
    • All expected network resources are available.

• No issues found!
```
