#
# There is insufficient memory for the Java Runtime Environment to continue.
# Native memory allocation (malloc) failed to allocate 2163760 bytes. Error detail: Chunk::new
# Possible reasons:
#   The system is out of physical RAM or swap space
#   This process is running with CompressedOops enabled, and the Java Heap may be blocking the growth of the native heap
# Possible solutions:
#   Reduce memory load on the system
#   Increase physical memory or swap space
#   Check if swap backing store is full
#   Decrease Java heap size (-Xmx/-Xms)
#   Decrease number of Java threads
#   Decrease Java thread stack sizes (-Xss)
#   Set larger code cache with -XX:ReservedCodeCacheSize=
#   JVM is running with Zero Based Compressed Oops mode in which the Java heap is
#     placed in the first 32GB address space. The Java Heap base address is the
#     maximum limit for the native heap growth. Please use -XX:HeapBaseMinAddress
#     to set the Java Heap base and to place the Java Heap above 32GB virtual address.
# This output file may be truncated or incomplete.
#
#  Out of Memory Error (arena.cpp:168), pid=52540, tid=52608
#
# JRE version: OpenJDK Runtime Environment (21.0.10) (build 21.0.10+-14961533-b1163.108)
# Java VM: OpenJDK 64-Bit Server VM (21.0.10+-14961533-b1163.108, mixed mode, tiered, compressed oops, compressed class ptrs, g1 gc, windows-amd64)
# No core dump will be written. Minidumps are not enabled by default on client versions of Windows
#

---------------  S U M M A R Y ------------

Command Line: --add-opens=java.base/java.lang=ALL-UNNAMED --add-opens=java.base/java.lang.invoke=ALL-UNNAMED --add-opens=java.base/java.util=ALL-UNNAMED --add-opens=java.prefs/java.util.prefs=ALL-UNNAMED --add-exports=jdk.compiler/com.sun.tools.javac.api=ALL-UNNAMED --add-exports=jdk.compiler/com.sun.tools.javac.util=ALL-UNNAMED --add-opens=java.base/java.util=ALL-UNNAMED --add-opens=java.prefs/java.util.prefs=ALL-UNNAMED --add-opens=java.base/java.nio.charset=ALL-UNNAMED --add-opens=java.base/java.net=ALL-UNNAMED --add-opens=java.base/java.util.concurrent.atomic=ALL-UNNAMED --add-opens=java.xml/javax.xml.namespace=ALL-UNNAMED -XX:MaxMetaspaceSize=1G -XX:+HeapDumpOnOutOfMemoryError -Xmx4G -Dfile.encoding=UTF-8 -Duser.country=VE -Duser.language=es -Duser.variant -javaagent:C:\Users\Asus\.gradle\wrapper\dists\gradle-8.14.3-all\10utluxaxniiv4wxiphsi49nj\gradle-8.14.3\lib\agents\gradle-instrumentation-agent-8.14.3.jar org.gradle.launcher.daemon.bootstrap.GradleDaemon 8.14.3

Host: 13th Gen Intel(R) Core(TM) i7-13620H, 16 cores, 15G,  Windows 11 , 64 bit Build 26100 (10.0.26100.9168)
Time: Thu Aug 27 17:49:53 2026 Hora estándar de Venezuela elapsed time: 18.080002 seconds (0d 0h 0m 18s)

---------------  T H R E A D  ---------------

Current thread (0x000002a2a0b21030):  JavaThread "C2 CompilerThread0" daemon [_thread_in_native, id=52608, stack(0x000000b5d0d00000,0x000000b5d0e00000) (1024K)]


Current CompileTask:
C2:18080 9987       4       org.gradle.internal.service.DefaultServiceRegistry$SingletonService::get (5 bytes)

Stack: [0x000000b5d0d00000,0x000000b5d0e00000]
Native frames: (J=compiled Java code, j=interpreted, Vv=VM code, C=native code)
V  [jvm.dll+0x6d78a9]
V  [jvm.dll+0x8665b3]
V  [jvm.dll+0x868bde]
V  [jvm.dll+0x8692c3]
V  [jvm.dll+0x280ee6]
V  [jvm.dll+0xc07cd]
V  [jvm.dll+0xc0d03]
V  [jvm.dll+0x3ba0cb]
V  [jvm.dll+0x1e0052]
V  [jvm.dll+0x249d24]
V  [jvm.dll+0x2491a1]
V  [jvm.dll+0x1c76e4]
V  [jvm.dll+0x25891e]
V  [jvm.dll+0x256e66]
V  [jvm.dll+0x3f513e]
V  [jvm.dll+0x80fd28]
V  [jvm.dll+0x6d60fd]
C  [ucrtbase.dll+0x2cd30]
C  [KERNEL32.DLL+0x2ccb7]
C  [ntdll.dll+0xaad6c]


---------------  P R O C E S S  ---------------

Threads class SMR info:
_java_thread_list=0x000002a2a54de6d0, length=47, elements={
0x000002a283e037d0, 0x000002a2a0ae0d10, 0x000002a2a0aed2f0, 0x000002a2a0aedd50,
0x000002a2a0b08eb0, 0x000002a2a0b19c10, 0x000002a2a0b1b1e0, 0x000002a2a0b1c7b0,
0x000002a2a0b21030, 0x000002a2a0b22b80, 0x000002a2a0cf3ad0, 0x000002a2a501d420,
0x000002a2a5d4cbb0, 0x000002a2a6600610, 0x000002a2a641b510, 0x000002a2a73fc660,
0x000002a2a73737c0, 0x000002a2a7385050, 0x000002a2a73a7960, 0x000002a2a7388e40,
0x000002a2a75c90b0, 0x000002a2a75c8a20, 0x000002a2a75c7d00, 0x000002a2a75c8390,
0x000002a2a75c6fe0, 0x000002a2a75c6950, 0x000002a2a75c5c30, 0x000002a2a75c62c0,
0x000002a2a77781d0, 0x000002a2a77774b0, 0x000002a2a7775a70, 0x000002a2a7776100,
0x000002a2a7777b40, 0x000002a2a7776e20, 0x000002a2a7778ef0, 0x000002a2a7779580,
0x000002a2a777afc0, 0x000002a2a777b650, 0x000002a2a777bce0, 0x000002a2a777c370,
0x000002a2a84bb7b0, 0x000002a2a84c0d00, 0x000002a2a84c0670, 0x000002a2a84bdf10,
0x000002a2a84c1a20, 0x000002a2a84be5a0, 0x000002a2a84c20b0
}

Java Threads: ( => current thread )
  0x000002a283e037d0 JavaThread "main"                              [_thread_blocked, id=53016, stack(0x000000b5cfe00000,0x000000b5cff00000) (1024K)]
  0x000002a2a0ae0d10 JavaThread "Common-Cleaner"             daemon [_thread_blocked, id=34788, stack(0x000000b5d0600000,0x000000b5d0700000) (1024K)]
  0x000002a2a0aed2f0 JavaThread "Reference Handler"          daemon [_thread_blocked, id=6764, stack(0x000000b5d0700000,0x000000b5d0800000) (1024K)]
  0x000002a2a0aedd50 JavaThread "Finalizer"                  daemon [_thread_blocked, id=52776, stack(0x000000b5d0800000,0x000000b5d0900000) (1024K)]
  0x000002a2a0b08eb0 JavaThread "Signal Dispatcher"          daemon [_thread_blocked, id=52660, stack(0x000000b5d0900000,0x000000b5d0a00000) (1024K)]
  0x000002a2a0b19c10 JavaThread "Attach Listener"            daemon [_thread_blocked, id=52804, stack(0x000000b5d0a00000,0x000000b5d0b00000) (1024K)]
  0x000002a2a0b1b1e0 JavaThread "Service Thread"             daemon [_thread_blocked, id=24344, stack(0x000000b5d0b00000,0x000000b5d0c00000) (1024K)]
  0x000002a2a0b1c7b0 JavaThread "Monitor Deflation Thread"   daemon [_thread_blocked, id=52612, stack(0x000000b5d0c00000,0x000000b5d0d00000) (1024K)]
=>0x000002a2a0b21030 JavaThread "C2 CompilerThread0"         daemon [_thread_in_native, id=52608, stack(0x000000b5d0d00000,0x000000b5d0e00000) (1024K)]
  0x000002a2a0b22b80 JavaThread "C1 CompilerThread0"         daemon [_thread_blocked, id=30368, stack(0x000000b5d0e00000,0x000000b5d0f00000) (1024K)]
  0x000002a2a0cf3ad0 JavaThread "C1 CompilerThread1"         daemon [_thread_blocked, id=53060, stack(0x000000b5d0f00000,0x000000b5d1000000) (1024K)]
  0x000002a2a501d420 JavaThread "Notification Thread"        daemon [_thread_blocked, id=52604, stack(0x000000b5d1000000,0x000000b5d1100000) (1024K)]
  0x000002a2a5d4cbb0 JavaThread "C1 CompilerThread2"         daemon [_thread_blocked, id=11432, stack(0x000000b5d1600000,0x000000b5d1700000) (1024K)]
  0x000002a2a6600610 JavaThread "Daemon health stats"               [_thread_blocked, id=45996, stack(0x000000b5d1700000,0x000000b5d1800000) (1024K)]
  0x000002a2a641b510 JavaThread "Incoming local TCP Connector on port 58141"        [_thread_in_native, id=52452, stack(0x000000b5d1800000,0x000000b5d1900000) (1024K)]
  0x000002a2a73fc660 JavaThread "Daemon periodic checks"            [_thread_blocked, id=52536, stack(0x000000b5d1900000,0x000000b5d1a00000) (1024K)]
  0x000002a2a73737c0 JavaThread "Daemon"                            [_thread_blocked, id=38372, stack(0x000000b5d1a00000,0x000000b5d1b00000) (1024K)]
  0x000002a2a7385050 JavaThread "Handler for socket connection from /127.0.0.1:58141 to /127.0.0.1:58142"        [_thread_in_native, id=47184, stack(0x000000b5d1b00000,0x000000b5d1c00000) (1024K)]
  0x000002a2a73a7960 JavaThread "Cancel handler"                    [_thread_blocked, id=31000, stack(0x000000b5d1c00000,0x000000b5d1d00000) (1024K)]
  0x000002a2a7388e40 JavaThread "Daemon worker"                     [_thread_in_vm, id=48148, stack(0x000000b5d1d00000,0x000000b5d1e00000) (1024K)]
  0x000002a2a75c90b0 JavaThread "Asynchronous log dispatcher for DefaultDaemonConnection: socket connection from /127.0.0.1:58141 to /127.0.0.1:58142"        [_thread_blocked, id=51488, stack(0x000000b5d1e00000,0x000000b5d1f00000) (1024K)]
  0x000002a2a75c8a20 JavaThread "Stdin handler"                     [_thread_blocked, id=45632, stack(0x000000b5d1f00000,0x000000b5d2000000) (1024K)]
  0x000002a2a75c7d00 JavaThread "Daemon client event forwarder"        [_thread_blocked, id=4280, stack(0x000000b5d2000000,0x000000b5d2100000) (1024K)]
  0x000002a2a75c8390 JavaThread "Cache worker for journal cache (C:\Users\Asus\.gradle\caches\journal-1)"        [_thread_blocked, id=43128, stack(0x000000b5d2a00000,0x000000b5d2b00000) (1024K)]
  0x000002a2a75c6fe0 JavaThread "File lock request listener"        [_thread_in_native, id=50416, stack(0x000000b5d2b00000,0x000000b5d2c00000) (1024K)]
  0x000002a2a75c6950 JavaThread "Cache worker for file hash cache (C:\Users\Asus\.gradle\caches\8.14.3\fileHashes)"        [_thread_blocked, id=35628, stack(0x000000b5d2c00000,0x000000b5d2d00000) (1024K)]
  0x000002a2a75c5c30 JavaThread "Cache worker for file hash cache (C:\laragon\www\nexus_krimson\nexus_rs_app\android\.gradle\8.14.3\fileHashes)"        [_thread_blocked, id=53240, stack(0x000000b5d2d00000,0x000000b5d2e00000) (1024K)]
  0x000002a2a75c62c0 JavaThread "Cache worker for Build Output Cleanup Cache (C:\laragon\www\nexus_krimson\nexus_rs_app\android\.gradle\buildOutputCleanup)"        [_thread_blocked, id=27408, stack(0x000000b5d2e00000,0x000000b5d2f00000) (1024K)]
  0x000002a2a77781d0 JavaThread "File watcher server"        daemon [_thread_in_native, id=34852, stack(0x000000b5d2f00000,0x000000b5d3000000) (1024K)]
  0x000002a2a77774b0 JavaThread "File watcher consumer"      daemon [_thread_blocked, id=49752, stack(0x000000b5d3000000,0x000000b5d3100000) (1024K)]
  0x000002a2a7775a70 JavaThread "jar transforms"                    [_thread_blocked, id=51928, stack(0x000000b5d3100000,0x000000b5d3200000) (1024K)]
  0x000002a2a7776100 JavaThread "Cache worker for checksums cache (C:\laragon\www\nexus_krimson\nexus_rs_app\android\.gradle\8.14.3\checksums)"        [_thread_blocked, id=1380, stack(0x000000b5d3200000,0x000000b5d3300000) (1024K)]
  0x000002a2a7777b40 JavaThread "Cache worker for file content cache (C:\Users\Asus\.gradle\caches\8.14.3\fileContent)"        [_thread_blocked, id=46544, stack(0x000000b5d3300000,0x000000b5d3400000) (1024K)]
  0x000002a2a7776e20 JavaThread "Cache worker for cache directory md-supplier (C:\Users\Asus\.gradle\caches\8.14.3\md-supplier)"        [_thread_blocked, id=14592, stack(0x000000b5d3400000,0x000000b5d3500000) (1024K)]
  0x000002a2a7778ef0 JavaThread "Cache worker for cache directory md-rule (C:\Users\Asus\.gradle\caches\8.14.3\md-rule)"        [_thread_blocked, id=49468, stack(0x000000b5d3500000,0x000000b5d3600000) (1024K)]
  0x000002a2a7779580 JavaThread "Cache worker for Build Output Cleanup Cache (C:\Users\Asus\flutter\packages\flutter_tools\gradle\.gradle\buildOutputCleanup)"        [_thread_blocked, id=53236, stack(0x000000b5d3600000,0x000000b5d3700000) (1024K)]
  0x000002a2a777afc0 JavaThread "Unconstrained build operations"        [_thread_blocked, id=30228, stack(0x000000b5d3700000,0x000000b5d3800000) (1024K)]
  0x000002a2a777b650 JavaThread "Unconstrained build operations Thread 2"        [_thread_blocked, id=7212, stack(0x000000b5d3800000,0x000000b5d3900000) (1024K)]
  0x000002a2a777bce0 JavaThread "Unconstrained build operations Thread 3"        [_thread_blocked, id=52304, stack(0x000000b5d3900000,0x000000b5d3a00000) (1024K)]
  0x000002a2a777c370 JavaThread "Memory manager"                    [_thread_blocked, id=52172, stack(0x000000b5d3a00000,0x000000b5d3b00000) (1024K)]
  0x000002a2a84bb7b0 JavaThread "build event listener"              [_thread_blocked, id=44352, stack(0x000000b5d3b00000,0x000000b5d3c00000) (1024K)]
  0x000002a2a84c0d00 JavaThread "included builds"                   [_thread_blocked, id=28752, stack(0x000000b5d3c00000,0x000000b5d3d00000) (1024K)]
  0x000002a2a84c0670 JavaThread "Cache worker for execution history cache (C:\Users\Asus\flutter\packages\flutter_tools\gradle\.gradle\8.14.3\executionHistory)"        [_thread_blocked, id=52496, stack(0x000000b5d3d00000,0x000000b5d3e00000) (1024K)]
  0x000002a2a84bdf10 JavaThread "Unconstrained build operations Thread 4"        [_thread_blocked, id=53136, stack(0x000000b5d3e00000,0x000000b5d3f00000) (1024K)]
  0x000002a2a84c1a20 JavaThread "Unconstrained build operations Thread 5"        [_thread_blocked, id=52696, stack(0x000000b5d3f00000,0x000000b5d4000000) (1024K)]
  0x000002a2a84be5a0 JavaThread "Unconstrained build operations Thread 6"        [_thread_blocked, id=38804, stack(0x000000b5d4000000,0x000000b5d4100000) (1024K)]
  0x000002a2a84c20b0 JavaThread "Unconstrained build operations Thread 7"        [_thread_blocked, id=30392, stack(0x000000b5d4100000,0x000000b5d4200000) (1024K)]
Total: 47

Other Threads:
  0x000002a2a0a51540 VMThread "VM Thread"                           [id=44332, stack(0x000000b5d0500000,0x000000b5d0600000) (1024K)]
  0x000002a2a0474ec0 WatcherThread "VM Periodic Task Thread"        [id=52908, stack(0x000000b5d0400000,0x000000b5d0500000) (1024K)]
  0x000002a283e6e2b0 WorkerThread "GC Thread#0"                     [id=53012, stack(0x000000b5cff00000,0x000000b5d0000000) (1024K)]
  0x000002a2a52dfa30 WorkerThread "GC Thread#1"                     [id=53052, stack(0x000000b5d1100000,0x000000b5d1200000) (1024K)]
  0x000002a2a52dfde0 WorkerThread "GC Thread#2"                     [id=12156, stack(0x000000b5d1200000,0x000000b5d1300000) (1024K)]
  0x000002a2a52e0190 WorkerThread "GC Thread#3"                     [id=52620, stack(0x000000b5d1300000,0x000000b5d1400000) (1024K)]
  0x000002a2a52e0540 WorkerThread "GC Thread#4"                     [id=52832, stack(0x000000b5d1400000,0x000000b5d1500000) (1024K)]
  0x000002a2a51dbe90 WorkerThread "GC Thread#5"                     [id=52624, stack(0x000000b5d1500000,0x000000b5d1600000) (1024K)]
  0x000002a2a73c2bc0 WorkerThread "GC Thread#6"                     [id=52796, stack(0x000000b5d2100000,0x000000b5d2200000) (1024K)]
  0x000002a2a73a9910 WorkerThread "GC Thread#7"                     [id=41176, stack(0x000000b5d2200000,0x000000b5d2300000) (1024K)]
  0x000002a2a75c9bf0 WorkerThread "GC Thread#8"                     [id=30828, stack(0x000000b5d2300000,0x000000b5d2400000) (1024K)]
  0x000002a2a7654b70 WorkerThread "GC Thread#9"                     [id=11560, stack(0x000000b5d2400000,0x000000b5d2500000) (1024K)]
  0x000002a2a76566e0 WorkerThread "GC Thread#10"                    [id=52376, stack(0x000000b5d2500000,0x000000b5d2600000) (1024K)]
  0x000002a2a7656a90 WorkerThread "GC Thread#11"                    [id=52736, stack(0x000000b5d2600000,0x000000b5d2700000) (1024K)]
  0x000002a2a76575a0 WorkerThread "GC Thread#12"                    [id=51776, stack(0x000000b5d2700000,0x000000b5d2800000) (1024K)]
  0x000002a283e7f1b0 ConcurrentGCThread "G1 Main Marker"            [id=53008, stack(0x000000b5d0000000,0x000000b5d0100000) (1024K)]
  0x000002a283e7fbd0 WorkerThread "G1 Conc#0"                       [id=51320, stack(0x000000b5d0100000,0x000000b5d0200000) (1024K)]
  0x000002a2a7657950 WorkerThread "G1 Conc#1"                       [id=5748, stack(0x000000b5d2800000,0x000000b5d2900000) (1024K)]
  0x000002a2a7656e40 WorkerThread "G1 Conc#2"                       [id=46704, stack(0x000000b5d2900000,0x000000b5d2a00000) (1024K)]
  0x000002a283ebe8e0 ConcurrentGCThread "G1 Refine#0"               [id=46868, stack(0x000000b5d0200000,0x000000b5d0300000) (1024K)]
  0x000002a2a034a530 ConcurrentGCThread "G1 Service"                [id=51332, stack(0x000000b5d0300000,0x000000b5d0400000) (1024K)]
Total: 21

Threads with active compile tasks:
C2 CompilerThread0  18115 9987       4       org.gradle.internal.service.DefaultServiceRegistry$SingletonService::get (5 bytes)
Total: 1

VM state: not at safepoint (normal execution)

VM Mutex/Monitor currently owned by a thread: None

Heap address: 0x0000000700000000, size: 4096 MB, Compressed Oops mode: Zero based, Oop shift amount: 3

CDS archive(s) not mapped
Compressed class space mapped at: 0x0000000800000000-0x0000000834000000, reserved size: 872415232
Narrow klass base: 0x0000000800000000, Narrow klass shift: 0, Narrow klass range: 0x34000000

GC Precious Log:
 CardTable entry size: 512
 Card Set container configuration: InlinePtr #cards 4 size 8 Array Of Cards #cards 16 size 48 Howl #buckets 8 coarsen threshold 3686 Howl Bitmap #cards 512 size 80 coarsen threshold 460 Card regions per heap region 1 cards per card region 4096
 CPUs: 16 total, 16 available
 Memory: 16010M
 Large Page Support: Disabled
 NUMA Support: Disabled
 Compressed Oops: Enabled (Zero based)
 Heap Region Size: 2M
 Heap Min Capacity: 8M
 Heap Initial Capacity: 252M
 Heap Max Capacity: 4G
 Pre-touch: Disabled
 Parallel Workers: 13
 Concurrent Workers: 3
 Concurrent Refinement Workers: 13
 Periodic GC: Disabled

Heap:
 garbage-first heap   total 126976K, used 79152K [0x0000000700000000, 0x0000000800000000)
  region size 2048K, 6 young (12288K), 3 survivors (6144K)
 Metaspace       used 88011K, committed 89920K, reserved 983040K
  class space    used 12630K, committed 13568K, reserved 851968K

Heap Regions: E=young(eden), S=young(survivor), O=old, HS=humongous(starts), HC=humongous(continues), CS=collection set, F=free, TAMS=top-at-mark-start, PB=parsable bottom
|   0|0x0000000700000000, 0x0000000700200000, 0x0000000700200000|100%|HS|  |TAMS 0x0000000700000000| PB 0x0000000700000000| Complete 
|   1|0x0000000700200000, 0x0000000700400000, 0x0000000700400000|100%|HC|  |TAMS 0x0000000700200000| PB 0x0000000700200000| Complete 
|   2|0x0000000700400000, 0x0000000700600000, 0x0000000700600000|100%| O|  |TAMS 0x0000000700400000| PB 0x0000000700400000| Untracked 
|   3|0x0000000700600000, 0x0000000700800000, 0x0000000700800000|100%| O|  |TAMS 0x0000000700600000| PB 0x0000000700600000| Untracked 
|   4|0x0000000700800000, 0x0000000700a00000, 0x0000000700a00000|100%| O|  |TAMS 0x0000000700800000| PB 0x0000000700800000| Untracked 
|   5|0x0000000700a00000, 0x0000000700c00000, 0x0000000700c00000|100%| O|  |TAMS 0x0000000700a00000| PB 0x0000000700a00000| Untracked 
|   6|0x0000000700c00000, 0x0000000700e00000, 0x0000000700e00000|100%| O|  |TAMS 0x0000000700c00000| PB 0x0000000700c00000| Untracked 
|   7|0x0000000700e00000, 0x0000000701000000, 0x0000000701000000|100%| O|  |TAMS 0x0000000700e00000| PB 0x0000000700e00000| Untracked 
|   8|0x0000000701000000, 0x0000000701200000, 0x0000000701200000|100%| O|  |TAMS 0x0000000701000000| PB 0x0000000701000000| Untracked 
|   9|0x0000000701200000, 0x0000000701400000, 0x0000000701400000|100%| O|  |TAMS 0x0000000701200000| PB 0x0000000701200000| Untracked 
|  10|0x0000000701400000, 0x0000000701600000, 0x0000000701600000|100%| O|  |TAMS 0x0000000701400000| PB 0x0000000701400000| Untracked 
|  11|0x0000000701600000, 0x0000000701800000, 0x0000000701800000|100%| O|  |TAMS 0x0000000701600000| PB 0x0000000701600000| Untracked 
|  12|0x0000000701800000, 0x0000000701a00000, 0x0000000701a00000|100%| O|  |TAMS 0x0000000701800000| PB 0x0000000701800000| Untracked 
|  13|0x0000000701a00000, 0x0000000701c00000, 0x0000000701c00000|100%| O|  |TAMS 0x0000000701a00000| PB 0x0000000701a00000| Untracked 
|  14|0x0000000701c00000, 0x0000000701e00000, 0x0000000701e00000|100%| O|Cm|TAMS 0x0000000701c00000| PB 0x0000000701c00000| Complete 
|  15|0x0000000701e00000, 0x0000000702000000, 0x0000000702000000|100%| O|  |TAMS 0x0000000701e00000| PB 0x0000000701e00000| Untracked 
|  16|0x0000000702000000, 0x0000000702200000, 0x0000000702200000|100%| O|  |TAMS 0x0000000702000000| PB 0x0000000702000000| Untracked 
|  17|0x0000000702200000, 0x0000000702400000, 0x0000000702400000|100%| O|  |TAMS 0x0000000702200000| PB 0x0000000702200000| Untracked 
|  18|0x0000000702400000, 0x0000000702600000, 0x0000000702600000|100%| O|  |TAMS 0x0000000702400000| PB 0x0000000702400000| Untracked 
|  19|0x0000000702600000, 0x0000000702800000, 0x0000000702800000|100%| O|  |TAMS 0x0000000702600000| PB 0x0000000702600000| Untracked 
|  20|0x0000000702800000, 0x0000000702a00000, 0x0000000702a00000|100%| O|  |TAMS 0x0000000702800000| PB 0x0000000702800000| Untracked 
|  21|0x0000000702a00000, 0x0000000702c00000, 0x0000000702c00000|100%|HS|  |TAMS 0x0000000702a00000| PB 0x0000000702a00000| Complete 
|  22|0x0000000702c00000, 0x0000000702e00000, 0x0000000702e00000|100%|HS|  |TAMS 0x0000000702c00000| PB 0x0000000702c00000| Complete 
|  23|0x0000000702e00000, 0x0000000703000000, 0x0000000703000000|100%| O|  |TAMS 0x0000000702e00000| PB 0x0000000702e00000| Untracked 
|  24|0x0000000703000000, 0x000000070314c360, 0x0000000703200000| 64%| O|  |TAMS 0x0000000703000000| PB 0x0000000703000000| Untracked 
|  25|0x0000000703200000, 0x0000000703200000, 0x0000000703400000|  0%| F|  |TAMS 0x0000000703200000| PB 0x0000000703200000| Untracked 
|  26|0x0000000703400000, 0x0000000703600000, 0x0000000703600000|100%| O|Cm|TAMS 0x0000000703400000| PB 0x0000000703400000| Complete 
|  27|0x0000000703600000, 0x0000000703800000, 0x0000000703800000|100%| O|  |TAMS 0x0000000703600000| PB 0x0000000703600000| Untracked 
|  28|0x0000000703800000, 0x0000000703a00000, 0x0000000703a00000|100%| O|  |TAMS 0x0000000703800000| PB 0x0000000703800000| Untracked 
|  29|0x0000000703a00000, 0x0000000703c00000, 0x0000000703c00000|100%| S|CS|TAMS 0x0000000703a00000| PB 0x0000000703a00000| Complete 
|  30|0x0000000703c00000, 0x0000000703e00000, 0x0000000703e00000|100%| S|CS|TAMS 0x0000000703c00000| PB 0x0000000703c00000| Complete 
|  31|0x0000000703e00000, 0x0000000703e00000, 0x0000000704000000|  0%| F|  |TAMS 0x0000000703e00000| PB 0x0000000703e00000| Untracked 
|  32|0x0000000704000000, 0x0000000704000000, 0x0000000704200000|  0%| F|  |TAMS 0x0000000704000000| PB 0x0000000704000000| Untracked 
|  33|0x0000000704200000, 0x0000000704400000, 0x0000000704400000|100%| S|CS|TAMS 0x0000000704200000| PB 0x0000000704200000| Complete 
|  34|0x0000000704400000, 0x0000000704400000, 0x0000000704600000|  0%| F|  |TAMS 0x0000000704400000| PB 0x0000000704400000| Untracked 
|  35|0x0000000704600000, 0x0000000704600000, 0x0000000704800000|  0%| F|  |TAMS 0x0000000704600000| PB 0x0000000704600000| Untracked 
|  36|0x0000000704800000, 0x0000000704800000, 0x0000000704a00000|  0%| F|  |TAMS 0x0000000704800000| PB 0x0000000704800000| Untracked 
|  37|0x0000000704a00000, 0x0000000704a00000, 0x0000000704c00000|  0%| F|  |TAMS 0x0000000704a00000| PB 0x0000000704a00000| Untracked 
|  38|0x0000000704c00000, 0x0000000704c00000, 0x0000000704e00000|  0%| F|  |TAMS 0x0000000704c00000| PB 0x0000000704c00000| Untracked 
|  39|0x0000000704e00000, 0x0000000704e00000, 0x0000000705000000|  0%| F|  |TAMS 0x0000000704e00000| PB 0x0000000704e00000| Untracked 
|  40|0x0000000705000000, 0x0000000705000000, 0x0000000705200000|  0%| F|  |TAMS 0x0000000705000000| PB 0x0000000705000000| Untracked 
|  41|0x0000000705200000, 0x0000000705200000, 0x0000000705400000|  0%| F|  |TAMS 0x0000000705200000| PB 0x0000000705200000| Untracked 
|  42|0x0000000705400000, 0x0000000705400000, 0x0000000705600000|  0%| F|  |TAMS 0x0000000705400000| PB 0x0000000705400000| Untracked 
|  43|0x0000000705600000, 0x0000000705600000, 0x0000000705800000|  0%| F|  |TAMS 0x0000000705600000| PB 0x0000000705600000| Untracked 
|  44|0x0000000705800000, 0x0000000705800000, 0x0000000705a00000|  0%| F|  |TAMS 0x0000000705800000| PB 0x0000000705800000| Untracked 
|  45|0x0000000705a00000, 0x0000000705a00000, 0x0000000705c00000|  0%| F|  |TAMS 0x0000000705a00000| PB 0x0000000705a00000| Untracked 
|  46|0x0000000705c00000, 0x0000000705c00000, 0x0000000705e00000|  0%| F|  |TAMS 0x0000000705c00000| PB 0x0000000705c00000| Untracked 
|  47|0x0000000705e00000, 0x0000000705e00000, 0x0000000706000000|  0%| F|  |TAMS 0x0000000705e00000| PB 0x0000000705e00000| Untracked 
|  48|0x0000000706000000, 0x0000000706000000, 0x0000000706200000|  0%| F|  |TAMS 0x0000000706000000| PB 0x0000000706000000| Untracked 
|  49|0x0000000706200000, 0x0000000706200000, 0x0000000706400000|  0%| F|  |TAMS 0x0000000706200000| PB 0x0000000706200000| Untracked 
|  50|0x0000000706400000, 0x0000000706400000, 0x0000000706600000|  0%| F|  |TAMS 0x0000000706400000| PB 0x0000000706400000| Untracked 
|  51|0x0000000706600000, 0x0000000706600000, 0x0000000706800000|  0%| F|  |TAMS 0x0000000706600000| PB 0x0000000706600000| Untracked 
|  52|0x0000000706800000, 0x0000000706800000, 0x0000000706a00000|  0%| F|  |TAMS 0x0000000706800000| PB 0x0000000706800000| Untracked 
|  53|0x0000000706a00000, 0x0000000706a7ec90, 0x0000000706c00000| 24%| E|  |TAMS 0x0000000706a00000| PB 0x0000000706a00000| Complete 
|  54|0x0000000706c00000, 0x0000000706e00000, 0x0000000706e00000|100%| E|CS|TAMS 0x0000000706c00000| PB 0x0000000706c00000| Complete 
| 125|0x000000070fa00000, 0x000000070fc00000, 0x000000070fc00000|100%| E|CS|TAMS 0x000000070fa00000| PB 0x000000070fa00000| Complete 
|2042|0x00000007ff400000, 0x00000007ff600000, 0x00000007ff600000|100%| O|  |TAMS 0x00000007ff400000| PB 0x00000007ff400000| Untracked 
|2043|0x00000007ff600000, 0x00000007ff800000, 0x00000007ff800000|100%| O|  |TAMS 0x00000007ff600000| PB 0x00000007ff600000| Untracked 
|2044|0x00000007ff800000, 0x00000007ffa00000, 0x00000007ffa00000|100%| O|  |TAMS 0x00000007ff800000| PB 0x00000007ff800000| Untracked 
|2045|0x00000007ffa00000, 0x00000007ffc00000, 0x00000007ffc00000|100%| O|  |TAMS 0x00000007ffa00000| PB 0x00000007ffa00000| Untracked 
|2046|0x00000007ffc00000, 0x00000007ffe00000, 0x00000007ffe00000|100%| O|  |TAMS 0x00000007ffc00000| PB 0x00000007ffc00000| Untracked 
|2047|0x00000007ffe00000, 0x0000000800000000, 0x0000000800000000|100%| O|  |TAMS 0x00000007ffe00000| PB 0x00000007ffe00000| Untracked 

Card table byte_map: [0x000002a299030000,0x000002a299830000] _byte_map_base: 0x000002a295830000

Marking Bits: (CMBitMap*) 0x000002a283e6e8d0
 Bits: [0x000002a299830000, 0x000002a29d830000)

Polling page: 0x000002a283ec0000

Metaspace:

Usage:
  Non-class:     73.61 MB used.
      Class:     12.33 MB used.
       Both:     85.95 MB used.

Virtual space:
  Non-class space:      128.00 MB reserved,      74.56 MB ( 58%) committed,  2 nodes.
      Class space:      832.00 MB reserved,      13.25 MB (  2%) committed,  1 nodes.
             Both:      960.00 MB reserved,      87.81 MB (  9%) committed. 

Chunk freelists:
   Non-Class:  4.50 MB
       Class:  2.75 MB
        Both:  7.25 MB

MaxMetaspaceSize: 1.00 GB
CompressedClassSpaceSize: 832.00 MB
Initial GC threshold: 21.00 MB
Current GC threshold: 146.38 MB
CDS: off
 - commit_granule_bytes: 65536.
 - commit_granule_words: 8192.
 - virtual_space_node_default_size: 8388608.
 - enlarge_chunks_in_place: 1.
 - use_allocation_guard: 0.


Internal statistics:

num_allocs_failed_limit: 9.
num_arena_births: 3734.
num_arena_deaths: 0.
num_vsnodes_births: 3.
num_vsnodes_deaths: 0.
num_space_committed: 1405.
num_space_uncommitted: 0.
num_chunks_returned_to_freelist: 9.
num_chunks_taken_from_freelist: 7508.
num_chunk_merges: 9.
num_chunk_splits: 4865.
num_chunks_enlarged: 2996.
num_inconsistent_stats: 0.

CodeHeap 'non-profiled nmethods': size=119168Kb used=4534Kb max_used=4642Kb free=114633Kb
 bounds [0x000002a290410000, 0x000002a2908a0000, 0x000002a297870000]
CodeHeap 'profiled nmethods': size=119104Kb used=16932Kb max_used=17103Kb free=102171Kb
 bounds [0x000002a288870000, 0x000002a289930000, 0x000002a28fcc0000]
CodeHeap 'non-nmethods': size=7488Kb used=3762Kb max_used=3801Kb free=3725Kb
 bounds [0x000002a28fcc0000, 0x000002a290080000, 0x000002a290410000]
CodeCache: size=245760Kb, used=25228Kb, max_used=25546Kb, free=220529Kb
 total_blobs=9756, nmethods=8834, adapters=823, full_count=0
Compilation: enabled, stopped_count=0, restarted_count=0

Compilation events (20 events):
Event: 17.076 Thread 0x000002a2a0b22b80 nmethod 10240 0x000002a289250690 code [0x000002a289250880, 0x000002a289250ea8]
Event: 17.076 Thread 0x000002a2a5d4cbb0 10241       3       org.gradle.api.internal.artifacts.DefaultComponentSelectorConverter::getModule (32 bytes)
Event: 17.076 Thread 0x000002a2a0b22b80 10242       3       org.gradle.api.internal.artifacts.ivyservice.resolveengine.graph.builder.PendingDependencies::hasConstraintProviders (18 bytes)
Event: 17.076 Thread 0x000002a2a0b22b80 nmethod 10242 0x000002a288fc0a90 code [0x000002a288fc0c40, 0x000002a288fc0e70]
Event: 17.076 Thread 0x000002a2a0b22b80 10243       3       org.gradle.api.internal.artifacts.ivyservice.resolveengine.graph.builder.PendingDependencies::increaseHardEdgeCount (11 bytes)
Event: 17.076 Thread 0x000002a2a5d4cbb0 nmethod 10241 0x000002a288d29110 code [0x000002a288d29300, 0x000002a288d297e0]
Event: 17.076 Thread 0x000002a2a0b22b80 nmethod 10243 0x000002a288d98810 code [0x000002a288d989a0, 0x000002a288d98ab0]
Event: 17.076 Thread 0x000002a2a0cf3ad0 nmethod 10239 0x000002a2888aa490 code [0x000002a2888aa760, 0x000002a2888ab810]
Event: 17.077 Thread 0x000002a2a0cf3ad0 10244       3       com.google.common.collect.ImmutableList::of (16 bytes)
Event: 17.078 Thread 0x000002a2a0cf3ad0 nmethod 10244 0x000002a288f56110 code [0x000002a288f56320, 0x000002a288f56a70]
Event: 17.090 Thread 0x000002a2a0cf3ad0 10245       3       org.gradle.internal.component.local.model.ComponentFileArtifactIdentifier::<init> (15 bytes)
Event: 17.090 Thread 0x000002a2a0cf3ad0 nmethod 10245 0x000002a288ded510 code [0x000002a288ded6c0, 0x000002a288ded8f0]
Event: 17.096 Thread 0x000002a2a5d4cbb0 10247       3       org.gradle.api.internal.artifacts.ivyservice.resolveengine.graph.builder.EdgeState::safeGetAttributes (38 bytes)
Event: 17.096 Thread 0x000002a2a0b22b80 10248       3       org.gradle.api.internal.artifacts.ivyservice.resolveengine.graph.builder.ModuleResolveState::mergedConstraintsAttributes (67 bytes)
Event: 17.096 Thread 0x000002a2a0cf3ad0 10249       3       org.gradle.internal.component.model.GraphVariantSelector::selectByAttributeMatching (70 bytes)
Event: 17.096 Thread 0x000002a2a5d4cbb0 nmethod 10247 0x000002a288c52f10 code [0x000002a288c53100, 0x000002a288c534d8]
Event: 17.096 Thread 0x000002a2a5d4cbb0 10250       3       org.gradle.internal.component.model.GraphVariantSelector::selectByAttributeMatchingLenient (256 bytes)
Event: 17.096 Thread 0x000002a2a0b22b80 nmethod 10248 0x000002a289080290 code [0x000002a2890804c0, 0x000002a289080be0]
Event: 17.096 Thread 0x000002a2a0cf3ad0 nmethod 10249 0x000002a288b60910 code [0x000002a288b60b40, 0x000002a288b612c8]
Event: 18.078 Thread 0x000002a2a5d4cbb0 nmethod 10250 0x000002a288a51190 code [0x000002a288a51520, 0x000002a288a52930]

GC Heap History (20 events):
Event: 10.002 GC heap before
{Heap before GC invocations=12 (full 0):
 garbage-first heap   total 96256K, used 74267K [0x0000000700000000, 0x0000000800000000)
  region size 2048K, 21 young (43008K), 3 survivors (6144K)
 Metaspace       used 58674K, committed 60160K, reserved 917504K
  class space    used 8146K, committed 8896K, reserved 851968K
}
Event: 10.006 GC heap after
{Heap after GC invocations=13 (full 0):
 garbage-first heap   total 96256K, used 41613K [0x0000000700000000, 0x0000000800000000)
  region size 2048K, 2 young (4096K), 2 survivors (4096K)
 Metaspace       used 58674K, committed 60160K, reserved 917504K
  class space    used 8146K, committed 8896K, reserved 851968K
}
Event: 10.720 GC heap before
{Heap before GC invocations=14 (full 0):
 garbage-first heap   total 96256K, used 84621K [0x0000000700000000, 0x0000000800000000)
  region size 2048K, 23 young (47104K), 2 survivors (4096K)
 Metaspace       used 62967K, committed 64576K, reserved 917504K
  class space    used 8850K, committed 9600K, reserved 851968K
}
Event: 10.723 GC heap after
{Heap after GC invocations=15 (full 0):
 garbage-first heap   total 96256K, used 44374K [0x0000000700000000, 0x0000000800000000)
  region size 2048K, 3 young (6144K), 3 survivors (6144K)
 Metaspace       used 62967K, committed 64576K, reserved 917504K
  class space    used 8850K, committed 9600K, reserved 851968K
}
Event: 11.891 GC heap before
{Heap before GC invocations=15 (full 0):
 garbage-first heap   total 96256K, used 83286K [0x0000000700000000, 0x0000000800000000)
  region size 2048K, 22 young (45056K), 3 survivors (6144K)
 Metaspace       used 64103K, committed 65728K, reserved 917504K
  class space    used 8987K, committed 9728K, reserved 851968K
}
Event: 11.895 GC heap after
{Heap after GC invocations=16 (full 0):
 garbage-first heap   total 96256K, used 48669K [0x0000000700000000, 0x0000000800000000)
  region size 2048K, 3 young (6144K), 3 survivors (6144K)
 Metaspace       used 64103K, committed 65728K, reserved 917504K
  class space    used 8987K, committed 9728K, reserved 851968K
}
Event: 12.460 GC heap before
{Heap before GC invocations=16 (full 0):
 garbage-first heap   total 96256K, used 83485K [0x0000000700000000, 0x0000000800000000)
  region size 2048K, 21 young (43008K), 3 survivors (6144K)
 Metaspace       used 67924K, committed 69696K, reserved 917504K
  class space    used 9645K, committed 10496K, reserved 851968K
}
Event: 12.464 GC heap after
{Heap after GC invocations=17 (full 0):
 garbage-first heap   total 98304K, used 52086K [0x0000000700000000, 0x0000000800000000)
  region size 2048K, 2 young (4096K), 2 survivors (4096K)
 Metaspace       used 67924K, committed 69696K, reserved 917504K
  class space    used 9645K, committed 10496K, reserved 851968K
}
Event: 13.019 GC heap before
{Heap before GC invocations=18 (full 0):
 garbage-first heap   total 100352K, used 88950K [0x0000000700000000, 0x0000000800000000)
  region size 2048K, 18 young (36864K), 2 survivors (4096K)
 Metaspace       used 71605K, committed 73344K, reserved 917504K
  class space    used 10150K, committed 11008K, reserved 851968K
}
Event: 13.021 GC heap after
{Heap after GC invocations=19 (full 0):
 garbage-first heap   total 120832K, used 57212K [0x0000000700000000, 0x0000000800000000)
  region size 2048K, 2 young (4096K), 2 survivors (4096K)
 Metaspace       used 71605K, committed 73344K, reserved 917504K
  class space    used 10150K, committed 11008K, reserved 851968K
}
Event: 13.757 GC heap before
{Heap before GC invocations=19 (full 0):
 garbage-first heap   total 120832K, used 102268K [0x0000000700000000, 0x0000000800000000)
  region size 2048K, 24 young (49152K), 2 survivors (4096K)
 Metaspace       used 76488K, committed 78272K, reserved 983040K
  class space    used 10840K, committed 11712K, reserved 851968K
}
Event: 13.761 GC heap after
{Heap after GC invocations=20 (full 0):
 garbage-first heap   total 120832K, used 58335K [0x0000000700000000, 0x0000000800000000)
  region size 2048K, 2 young (4096K), 2 survivors (4096K)
 Metaspace       used 76488K, committed 78272K, reserved 983040K
  class space    used 10840K, committed 11712K, reserved 851968K
}
Event: 14.488 GC heap before
{Heap before GC invocations=20 (full 0):
 garbage-first heap   total 120832K, used 105439K [0x0000000700000000, 0x0000000800000000)
  region size 2048K, 25 young (51200K), 2 survivors (4096K)
 Metaspace       used 79656K, committed 81472K, reserved 983040K
  class space    used 11297K, committed 12160K, reserved 851968K
}
Event: 14.492 GC heap after
{Heap after GC invocations=21 (full 0):
 garbage-first heap   total 120832K, used 59508K [0x0000000700000000, 0x0000000800000000)
  region size 2048K, 3 young (6144K), 3 survivors (6144K)
 Metaspace       used 79656K, committed 81472K, reserved 983040K
  class space    used 11297K, committed 12160K, reserved 851968K
}
Event: 15.257 GC heap before
{Heap before GC invocations=22 (full 0):
 garbage-first heap   total 120832K, used 106612K [0x0000000700000000, 0x0000000800000000)
  region size 2048K, 26 young (53248K), 3 survivors (6144K)
 Metaspace       used 82321K, committed 84160K, reserved 983040K
  class space    used 11695K, committed 12544K, reserved 851968K
}
Event: 15.262 GC heap after
{Heap after GC invocations=23 (full 0):
 garbage-first heap   total 120832K, used 64366K [0x0000000700000000, 0x0000000800000000)
  region size 2048K, 4 young (8192K), 4 survivors (8192K)
 Metaspace       used 82321K, committed 84160K, reserved 983040K
  class space    used 11695K, committed 12544K, reserved 851968K
}
Event: 15.889 GC heap before
{Heap before GC invocations=23 (full 0):
 garbage-first heap   total 120832K, used 107374K [0x0000000700000000, 0x0000000800000000)
  region size 2048K, 25 young (51200K), 4 survivors (8192K)
 Metaspace       used 85664K, committed 87488K, reserved 983040K
  class space    used 12208K, committed 13120K, reserved 851968K
}
Event: 15.894 GC heap after
{Heap after GC invocations=24 (full 0):
 garbage-first heap   total 122880K, used 67016K [0x0000000700000000, 0x0000000800000000)
  region size 2048K, 2 young (4096K), 2 survivors (4096K)
 Metaspace       used 85664K, committed 87488K, reserved 983040K
  class space    used 12208K, committed 13120K, reserved 851968K
}
Event: 16.987 GC heap before
{Heap before GC invocations=24 (full 0):
 garbage-first heap   total 122880K, used 105928K [0x0000000700000000, 0x0000000800000000)
  region size 2048K, 22 young (45056K), 2 survivors (4096K)
 Metaspace       used 87935K, committed 89856K, reserved 983040K
  class space    used 12626K, committed 13568K, reserved 851968K
}
Event: 16.992 GC heap after
{Heap after GC invocations=25 (full 0):
 garbage-first heap   total 122880K, used 75056K [0x0000000700000000, 0x0000000800000000)
  region size 2048K, 3 young (6144K), 3 survivors (6144K)
 Metaspace       used 87935K, committed 89856K, reserved 983040K
  class space    used 12626K, committed 13568K, reserved 851968K
}

Dll operation events (3 events):
Event: 0.014 Loaded shared library C:\Program Files\Android\Android Studio\jbr\bin\java.dll
Event: 0.020 Loaded shared library C:\Program Files\Android\Android Studio\jbr\bin\zip.dll
Event: 2.022 Loaded shared library C:\Program Files\Android\Android Studio\jbr\bin\verify.dll

Deoptimization events (20 events):
Event: 16.810 Thread 0x000002a2a84c0d00 DEOPT PACKING pc=0x000002a29087a72c sp=0x000000b5d3cfbf70
Event: 16.810 Thread 0x000002a2a84c0d00 DEOPT UNPACKING pc=0x000002a28fd14422 sp=0x000000b5d3cfbf38 mode 2
Event: 16.812 Thread 0x000002a2a84c0d00 Uncommon trap: trap_request=0xffffffde fr.pc=0x000002a2906e0e90 relative=0x0000000000000070
Event: 16.812 Thread 0x000002a2a84c0d00 Uncommon trap: reason=class_check action=maybe_recompile pc=0x000002a2906e0e90 method=java.util.stream.StreamOpFlag.fromCharacteristics(Ljava/util/Spliterator;)I @ 14 c2
Event: 16.812 Thread 0x000002a2a84c0d00 DEOPT PACKING pc=0x000002a2906e0e90 sp=0x000000b5d3cfd440
Event: 16.812 Thread 0x000002a2a84c0d00 DEOPT UNPACKING pc=0x000002a28fd14422 sp=0x000000b5d3cfd3d8 mode 2
Event: 16.822 Thread 0x000002a2a84c0d00 Uncommon trap: trap_request=0xffffffc6 fr.pc=0x000002a29087a72c relative=0x00000000000006cc
Event: 16.822 Thread 0x000002a2a84c0d00 Uncommon trap: reason=bimorphic_or_optimized_type_check action=maybe_recompile pc=0x000002a29087a72c method=org.gradle.internal.snapshot.MediumChildMap.withNode(Lorg/gradle/internal/snapshot/VfsRelativePath;Lorg/gradle/internal/snapshot/CaseSensitivity;Lo
Event: 16.822 Thread 0x000002a2a84c0d00 DEOPT PACKING pc=0x000002a29087a72c sp=0x000000b5d3cfbf70
Event: 16.822 Thread 0x000002a2a84c0d00 DEOPT UNPACKING pc=0x000002a28fd14422 sp=0x000000b5d3cfbf38 mode 2
Event: 16.838 Thread 0x000002a2a84c0d00 Uncommon trap: trap_request=0xffffffc6 fr.pc=0x000002a29087a72c relative=0x00000000000006cc
Event: 16.838 Thread 0x000002a2a84c0d00 Uncommon trap: reason=bimorphic_or_optimized_type_check action=maybe_recompile pc=0x000002a29087a72c method=org.gradle.internal.snapshot.MediumChildMap.withNode(Lorg/gradle/internal/snapshot/VfsRelativePath;Lorg/gradle/internal/snapshot/CaseSensitivity;Lo
Event: 16.838 Thread 0x000002a2a84c0d00 DEOPT PACKING pc=0x000002a29087a72c sp=0x000000b5d3cfbc70
Event: 16.838 Thread 0x000002a2a84c0d00 DEOPT UNPACKING pc=0x000002a28fd14422 sp=0x000000b5d3cfbc38 mode 2
Event: 16.840 Thread 0x000002a2a84c0d00 Uncommon trap: trap_request=0xffffffc6 fr.pc=0x000002a29087a72c relative=0x00000000000006cc
Event: 16.840 Thread 0x000002a2a84c0d00 Uncommon trap: reason=bimorphic_or_optimized_type_check action=maybe_recompile pc=0x000002a29087a72c method=org.gradle.internal.snapshot.MediumChildMap.withNode(Lorg/gradle/internal/snapshot/VfsRelativePath;Lorg/gradle/internal/snapshot/CaseSensitivity;Lo
Event: 16.840 Thread 0x000002a2a84c0d00 DEOPT PACKING pc=0x000002a29087a72c sp=0x000000b5d3cfbc50
Event: 16.840 Thread 0x000002a2a84c0d00 DEOPT UNPACKING pc=0x000002a28fd14422 sp=0x000000b5d3cfbc18 mode 2
Event: 16.847 Thread 0x000002a2a84c0d00 DEOPT PACKING pc=0x000002a28954df1c sp=0x000000b5d3cfe780
Event: 16.847 Thread 0x000002a2a84c0d00 DEOPT UNPACKING pc=0x000002a28fd14bc2 sp=0x000000b5d3cfdc70 mode 0

Classes loaded (20 events):
Event: 15.889 Loading class java/util/IdentityHashMap$KeyIterator
Event: 15.889 Loading class java/util/IdentityHashMap$IdentityHashMapIterator
Event: 15.889 Loading class java/util/IdentityHashMap$IdentityHashMapIterator done
Event: 15.889 Loading class java/util/IdentityHashMap$KeyIterator done
Event: 15.987 Loading class java/util/TreeMap$KeySpliterator
Event: 15.987 Loading class java/util/TreeMap$TreeMapSpliterator
Event: 15.988 Loading class java/util/TreeMap$TreeMapSpliterator done
Event: 15.988 Loading class java/util/TreeMap$KeySpliterator done
Event: 16.028 Loading class java/util/stream/ReferencePipeline$4
Event: 16.028 Loading class java/util/stream/IntPipeline$StatelessOp
Event: 16.029 Loading class java/util/stream/IntPipeline$StatelessOp done
Event: 16.029 Loading class java/util/stream/ReferencePipeline$4 done
Event: 16.029 Loading class java/util/stream/ReduceOps$6
Event: 16.030 Loading class java/util/stream/ReduceOps$6 done
Event: 16.030 Loading class java/util/stream/ReduceOps$5ReducingSink
Event: 16.030 Loading class java/util/stream/ReduceOps$5ReducingSink done
Event: 16.030 Loading class java/util/stream/ReferencePipeline$4$1
Event: 16.030 Loading class java/util/stream/ReferencePipeline$4$1 done
Event: 16.846 Loading class java/util/concurrent/ConcurrentLinkedQueue$Itr
Event: 16.846 Loading class java/util/concurrent/ConcurrentLinkedQueue$Itr done

Classes unloaded (0 events):
No events

Classes redefined (0 events):
No events

Internal exceptions (20 events):
Event: 17.039 Thread 0x000002a2a7388e40 Exception <a 'sun/nio/fs/WindowsException'{0x000000070fb603e0}> (0x000000070fb603e0) 
thrown [s\src\hotspot\share\prims\jni.cpp, line 537]
Event: 17.042 Thread 0x000002a2a7388e40 Exception <a 'sun/nio/fs/WindowsException'{0x000000070fb8fde8}> (0x000000070fb8fde8) 
thrown [s\src\hotspot\share\prims\jni.cpp, line 537]
Event: 17.044 Thread 0x000002a2a7388e40 Exception <a 'sun/nio/fs/WindowsException'{0x000000070fba1080}> (0x000000070fba1080) 
thrown [s\src\hotspot\share\prims\jni.cpp, line 537]
Event: 17.046 Thread 0x000002a2a7388e40 Exception <a 'sun/nio/fs/WindowsException'{0x000000070fbaeb60}> (0x000000070fbaeb60) 
thrown [s\src\hotspot\share\prims\jni.cpp, line 537]
Event: 17.048 Thread 0x000002a2a7388e40 Exception <a 'sun/nio/fs/WindowsException'{0x000000070fbe1240}> (0x000000070fbe1240) 
thrown [s\src\hotspot\share\prims\jni.cpp, line 537]
Event: 17.049 Thread 0x000002a2a7388e40 Exception <a 'sun/nio/fs/WindowsException'{0x000000070fbeedb8}> (0x000000070fbeedb8) 
thrown [s\src\hotspot\share\prims\jni.cpp, line 537]
Event: 17.053 Thread 0x000002a2a7388e40 Exception <a 'sun/nio/fs/WindowsException'{0x000000070fbfcb20}> (0x000000070fbfcb20) 
thrown [s\src\hotspot\share\prims\jni.cpp, line 537]
Event: 17.055 Thread 0x000002a2a7388e40 Exception <a 'sun/nio/fs/WindowsException'{0x0000000706c0b2d0}> (0x0000000706c0b2d0) 
thrown [s\src\hotspot\share\prims\jni.cpp, line 537]
Event: 17.063 Thread 0x000002a2a7388e40 Exception <a 'sun/nio/fs/WindowsException'{0x0000000706c25ec8}> (0x0000000706c25ec8) 
thrown [s\src\hotspot\share\prims\jni.cpp, line 537]
Event: 17.066 Thread 0x000002a2a7388e40 Exception <a 'sun/nio/fs/WindowsException'{0x0000000706c3a148}> (0x0000000706c3a148) 
thrown [s\src\hotspot\share\prims\jni.cpp, line 537]
Event: 17.069 Thread 0x000002a2a7388e40 Exception <a 'sun/nio/fs/WindowsException'{0x0000000706c4bcc8}> (0x0000000706c4bcc8) 
thrown [s\src\hotspot\share\prims\jni.cpp, line 537]
Event: 17.072 Thread 0x000002a2a7388e40 Exception <a 'sun/nio/fs/WindowsException'{0x0000000706c59e10}> (0x0000000706c59e10) 
thrown [s\src\hotspot\share\prims\jni.cpp, line 537]
Event: 17.076 Thread 0x000002a2a7388e40 Exception <a 'sun/nio/fs/WindowsException'{0x0000000706c6ec20}> (0x0000000706c6ec20) 
thrown [s\src\hotspot\share\prims\jni.cpp, line 537]
Event: 17.078 Thread 0x000002a2a7388e40 Exception <a 'sun/nio/fs/WindowsException'{0x0000000706c7b228}> (0x0000000706c7b228) 
thrown [s\src\hotspot\share\prims\jni.cpp, line 537]
Event: 17.081 Thread 0x000002a2a7388e40 Exception <a 'sun/nio/fs/WindowsException'{0x0000000706c88e48}> (0x0000000706c88e48) 
thrown [s\src\hotspot\share\prims\jni.cpp, line 537]
Event: 17.084 Thread 0x000002a2a7388e40 Exception <a 'sun/nio/fs/WindowsException'{0x0000000706ca2e68}> (0x0000000706ca2e68) 
thrown [s\src\hotspot\share\prims\jni.cpp, line 537]
Event: 17.086 Thread 0x000002a2a7388e40 Exception <a 'sun/nio/fs/WindowsException'{0x0000000706cafe70}> (0x0000000706cafe70) 
thrown [s\src\hotspot\share\prims\jni.cpp, line 537]
Event: 17.089 Thread 0x000002a2a7388e40 Exception <a 'sun/nio/fs/WindowsException'{0x0000000706cbcee0}> (0x0000000706cbcee0) 
thrown [s\src\hotspot\share\prims\jni.cpp, line 537]
Event: 17.091 Thread 0x000002a2a7388e40 Exception <a 'sun/nio/fs/WindowsException'{0x0000000706ccdd38}> (0x0000000706ccdd38) 
thrown [s\src\hotspot\share\prims\jni.cpp, line 537]
Event: 17.093 Thread 0x000002a2a7388e40 Exception <a 'sun/nio/fs/WindowsException'{0x0000000706cdaf20}> (0x0000000706cdaf20) 
thrown [s\src\hotspot\share\prims\jni.cpp, line 537]

ZGC Phase Switch (0 events):
No events

VM Operations (20 events):
Event: 16.005 Executing non-safepoint VM operation: HandshakeAllThreads (Deoptimize) done
Event: 16.035 Executing non-safepoint VM operation: HandshakeAllThreads (Deoptimize)
Event: 16.035 Executing non-safepoint VM operation: HandshakeAllThreads (Deoptimize) done
Event: 16.037 Executing non-safepoint VM operation: HandshakeAllThreads (Deoptimize)
Event: 16.037 Executing non-safepoint VM operation: HandshakeAllThreads (Deoptimize) done
Event: 16.050 Executing non-safepoint VM operation: HandshakeAllThreads (Deoptimize)
Event: 16.050 Executing non-safepoint VM operation: HandshakeAllThreads (Deoptimize) done
Event: 16.354 Executing safepoint VM operation: ICBufferFull
Event: 16.354 Executing safepoint VM operation: ICBufferFull done
Event: 16.626 Executing safepoint VM operation: ICBufferFull
Event: 16.626 Executing safepoint VM operation: ICBufferFull done
Event: 16.785 Executing non-safepoint VM operation: HandshakeAllThreads (Deoptimize)
Event: 16.785 Executing non-safepoint VM operation: HandshakeAllThreads (Deoptimize) done
Event: 16.987 Executing safepoint VM operation: G1CollectForAllocation (G1 Evacuation Pause)
Event: 16.992 Executing safepoint VM operation: G1CollectForAllocation (G1 Evacuation Pause) done
Event: 17.031 Executing safepoint VM operation: G1PauseRemark
Event: 17.035 Executing safepoint VM operation: G1PauseRemark done
Event: 17.054 Executing safepoint VM operation: G1PauseCleanup
Event: 17.054 Executing safepoint VM operation: G1PauseCleanup done
Event: 18.062 Executing safepoint VM operation: Cleanup

Memory protections (0 events):
No events

Nmethod flushes (20 events):
Event: 17.034 Thread 0x000002a2a0a51540 flushing  nmethod 0x000002a2904b2c90
Event: 17.034 Thread 0x000002a2a0a51540 flushing  nmethod 0x000002a290703d90
Event: 17.034 Thread 0x000002a2a0a51540 flushing  nmethod 0x000002a290704a90
Event: 17.034 Thread 0x000002a2a0a51540 flushing  nmethod 0x000002a290785010
Event: 17.034 Thread 0x000002a2a0a51540 flushing  nmethod 0x000002a288877810
Event: 17.034 Thread 0x000002a2a0a51540 flushing  nmethod 0x000002a288943c90
Event: 17.034 Thread 0x000002a2a0a51540 flushing  nmethod 0x000002a2889b6210
Event: 17.034 Thread 0x000002a2a0a51540 flushing  nmethod 0x000002a288ccf890
Event: 17.034 Thread 0x000002a2a0a51540 flushing  nmethod 0x000002a288e2a710
Event: 17.034 Thread 0x000002a2a0a51540 flushing  nmethod 0x000002a288f9ca90
Event: 17.034 Thread 0x000002a2a0a51540 flushing  nmethod 0x000002a2891d8990
Event: 17.034 Thread 0x000002a2a0a51540 flushing  nmethod 0x000002a290619f90
Event: 17.034 Thread 0x000002a2a0a51540 flushing  nmethod 0x000002a28899d910
Event: 17.034 Thread 0x000002a2a0a51540 flushing  nmethod 0x000002a288ab8510
Event: 17.034 Thread 0x000002a2a0a51540 flushing  nmethod 0x000002a288ab9190
Event: 17.034 Thread 0x000002a2a0a51540 flushing  nmethod 0x000002a288b80090
Event: 17.034 Thread 0x000002a2a0a51540 flushing  nmethod 0x000002a288d1b410
Event: 17.034 Thread 0x000002a2a0a51540 flushing  nmethod 0x000002a288f33710
Event: 17.034 Thread 0x000002a2a0a51540 flushing  nmethod 0x000002a288f33d10
Event: 17.034 Thread 0x000002a2a0a51540 flushing  nmethod 0x000002a288f34110

Events (20 events):
Event: 6.618 Thread 0x000002a2a7388e40 Thread added: 0x000002a2a75c62c0
Event: 6.860 Thread 0x000002a2a7388e40 Thread added: 0x000002a2a77781d0
Event: 6.867 Thread 0x000002a2a7388e40 Thread added: 0x000002a2a77774b0
Event: 8.005 Thread 0x000002a2a7388e40 Thread added: 0x000002a2a7775a70
Event: 8.148 Thread 0x000002a2a7388e40 Thread added: 0x000002a2a7776100
Event: 8.176 Thread 0x000002a2a7388e40 Thread added: 0x000002a2a7777b40
Event: 8.648 Thread 0x000002a2a7388e40 Thread added: 0x000002a2a7776e20
Event: 8.717 Thread 0x000002a2a7388e40 Thread added: 0x000002a2a7778ef0
Event: 9.006 Thread 0x000002a2a7388e40 Thread added: 0x000002a2a7779580
Event: 10.730 Thread 0x000002a2a7388e40 Thread added: 0x000002a2a777afc0
Event: 10.830 Thread 0x000002a2a7388e40 Thread added: 0x000002a2a777b650
Event: 11.126 Thread 0x000002a2a7388e40 Thread added: 0x000002a2a777bce0
Event: 12.138 Thread 0x000002a2a7388e40 Thread added: 0x000002a2a777c370
Event: 13.513 Thread 0x000002a2a7388e40 Thread added: 0x000002a2a84bb7b0
Event: 15.922 Thread 0x000002a2a7388e40 Thread added: 0x000002a2a84c0d00
Event: 15.969 Thread 0x000002a2a84c0d00 Thread added: 0x000002a2a84c0670
Event: 16.358 Thread 0x000002a2a84c0d00 Thread added: 0x000002a2a84bdf10
Event: 16.451 Thread 0x000002a2a84c0d00 Thread added: 0x000002a2a84c1a20
Event: 16.483 Thread 0x000002a2a84c0d00 Thread added: 0x000002a2a84be5a0
Event: 16.722 Thread 0x000002a2a84c0d00 Thread added: 0x000002a2a84c20b0


Dynamic libraries:
0x00007ff6857f0000 - 0x00007ff6857fa000 	C:\Program Files\Android\Android Studio\jbr\bin\java.exe
0x00007ffe12f40000 - 0x00007ffe131a6000 	C:\WINDOWS\SYSTEM32\ntdll.dll
0x00007ffe10c70000 - 0x00007ffe10d39000 	C:\WINDOWS\System32\KERNEL32.DLL
0x00007ffe102b0000 - 0x00007ffe106af000 	C:\WINDOWS\System32\KERNELBASE.dll
0x00007ffe10150000 - 0x00007ffe1029c000 	C:\WINDOWS\System32\ucrtbase.dll
0x00007ffdb5e10000 - 0x00007ffdb5e28000 	C:\Program Files\Android\Android Studio\jbr\bin\jli.dll
0x00007ffdb50b0000 - 0x00007ffdb50cb000 	C:\Program Files\Android\Android Studio\jbr\bin\VCRUNTIME140.dll
0x00007ffe128b0000 - 0x00007ffe12a76000 	C:\WINDOWS\System32\USER32.dll
0x00007ffdf3e10000 - 0x00007ffdf40a1000 	C:\WINDOWS\WinSxS\amd64_microsoft.windows.common-controls_6595b64144ccf1df_6.0.26100.8972_none_3e0da176e32f9d4b\COMCTL32.dll
0x00007ffe108c0000 - 0x00007ffe108e7000 	C:\WINDOWS\System32\win32u.dll
0x00007ffe12660000 - 0x00007ffe12709000 	C:\WINDOWS\System32\msvcrt.dll
0x00007ffe11380000 - 0x00007ffe113ab000 	C:\WINDOWS\System32\GDI32.dll
0x00007ffe10b40000 - 0x00007ffe10c69000 	C:\WINDOWS\System32\gdi32full.dll
0x00007ffe10750000 - 0x00007ffe107f3000 	C:\WINDOWS\System32\msvcp_win.dll
0x00007ffe11d10000 - 0x00007ffe11d42000 	C:\WINDOWS\System32\IMM32.DLL
0x00007ffdf7190000 - 0x00007ffdf719c000 	C:\Program Files\Android\Android Studio\jbr\bin\vcruntime140_1.dll
0x00007ffda5290000 - 0x00007ffda531d000 	C:\Program Files\Android\Android Studio\jbr\bin\msvcp140.dll
0x00007ffce6790000 - 0x00007ffce7426000 	C:\Program Files\Android\Android Studio\jbr\bin\server\jvm.dll
0x00007ffe115a0000 - 0x00007ffe1165c000 	C:\WINDOWS\System32\ADVAPI32.dll
0x00007ffe10e40000 - 0x00007ffe10eea000 	C:\WINDOWS\System32\sechost.dll
0x00007ffe117a0000 - 0x00007ffe118b8000 	C:\WINDOWS\System32\RPCRT4.dll
0x00007ffe12e10000 - 0x00007ffe12e92000 	C:\WINDOWS\System32\WS2_32.dll
0x00007ffe0fb10000 - 0x00007ffe0fb6e000 	C:\WINDOWS\SYSTEM32\POWRPROF.dll
0x00007ffe078c0000 - 0x00007ffe078cb000 	C:\WINDOWS\SYSTEM32\VERSION.dll
0x00007ffdfe070000 - 0x00007ffdfe0a6000 	C:\WINDOWS\SYSTEM32\WINMM.dll
0x00007ffe0faf0000 - 0x00007ffe0fb05000 	C:\WINDOWS\SYSTEM32\UMPDC.dll
0x00007ffe0eeb0000 - 0x00007ffe0eecb000 	C:\WINDOWS\SYSTEM32\kernel.appcore.dll
0x00007ffdf7040000 - 0x00007ffdf704a000 	C:\Program Files\Android\Android Studio\jbr\bin\jimage.dll
0x00007ffe0d480000 - 0x00007ffe0d6c2000 	C:\WINDOWS\SYSTEM32\DBGHELP.DLL
0x00007ffe12a80000 - 0x00007ffe12e05000 	C:\WINDOWS\System32\combase.dll
0x00007ffe118d0000 - 0x00007ffe119a9000 	C:\WINDOWS\System32\OLEAUT32.dll
0x00007ffddf860000 - 0x00007ffddf89b000 	C:\WINDOWS\SYSTEM32\dbgcore.DLL
0x00007ffe10800000 - 0x00007ffe108ac000 	C:\WINDOWS\System32\bcryptPrimitives.dll
0x00007ffdf6070000 - 0x00007ffdf607e000 	C:\Program Files\Android\Android Studio\jbr\bin\instrument.dll
0x00007ffdb5090000 - 0x00007ffdb50b0000 	C:\Program Files\Android\Android Studio\jbr\bin\java.dll
0x00007ffdb5040000 - 0x00007ffdb5058000 	C:\Program Files\Android\Android Studio\jbr\bin\zip.dll
0x00007ffe11e30000 - 0x00007ffe125b8000 	C:\WINDOWS\System32\SHELL32.dll
0x00007ffe0dc00000 - 0x00007ffe0e49b000 	C:\WINDOWS\SYSTEM32\windows.storage.dll
0x00007ffe11670000 - 0x00007ffe11769000 	C:\WINDOWS\System32\SHCORE.dll
0x00007ffe11450000 - 0x00007ffe114b6000 	C:\WINDOWS\System32\shlwapi.dll
0x00007ffe10070000 - 0x00007ffe10099000 	C:\WINDOWS\SYSTEM32\profapi.dll
0x00007ffdf6ea0000 - 0x00007ffdf6eb0000 	C:\Program Files\Android\Android Studio\jbr\bin\net.dll
0x00007ffe086b0000 - 0x00007ffe087d8000 	C:\WINDOWS\SYSTEM32\WINHTTP.dll
0x00007ffe0f460000 - 0x00007ffe0f4cc000 	C:\WINDOWS\system32\mswsock.dll
0x00007ffdb5020000 - 0x00007ffdb5036000 	C:\Program Files\Android\Android Studio\jbr\bin\nio.dll
0x00007ffdf6e40000 - 0x00007ffdf6e50000 	C:\Program Files\Android\Android Studio\jbr\bin\verify.dll
0x00007ffda60f0000 - 0x00007ffda6117000 	C:\Users\Asus\.gradle\native\1def1411415f61bf3af743bc5b6707747c0891f09f0c88961ee8f79bc544acac\windows-amd64\native-platform.dll
0x00007ffda5150000 - 0x00007ffda51c8000 	C:\Users\Asus\.gradle\native\0.2.7\x86_64-windows-gnu\gradle-fileevents.dll
0x00007ffdf6d00000 - 0x00007ffdf6d09000 	C:\Program Files\Android\Android Studio\jbr\bin\management.dll
0x00007ffdf68c0000 - 0x00007ffdf68cb000 	C:\Program Files\Android\Android Studio\jbr\bin\management_ext.dll
0x00007ffe118c0000 - 0x00007ffe118c8000 	C:\WINDOWS\System32\PSAPI.DLL
0x00007ffe0e8a0000 - 0x00007ffe0e8d3000 	C:\WINDOWS\SYSTEM32\IPHLPAPI.DLL
0x00007ffe125c0000 - 0x00007ffe125ca000 	C:\WINDOWS\System32\NSI.dll
0x00007ffdf61f0000 - 0x00007ffdf61f9000 	C:\Program Files\Android\Android Studio\jbr\bin\extnet.dll
0x00007ffe0f750000 - 0x00007ffe0f76b000 	C:\WINDOWS\SYSTEM32\CRYPTSP.dll
0x00007ffe0ee10000 - 0x00007ffe0ee49000 	C:\WINDOWS\system32\rsaenh.dll
0x00007ffe0f510000 - 0x00007ffe0f542000 	C:\WINDOWS\SYSTEM32\USERENV.dll
0x00007ffe10040000 - 0x00007ffe1006a000 	C:\WINDOWS\SYSTEM32\bcrypt.dll
0x00007ffe0f770000 - 0x00007ffe0f77c000 	C:\WINDOWS\SYSTEM32\CRYPTBASE.dll
0x00007ffde7310000 - 0x00007ffde7318000 	C:\WINDOWS\system32\wshunix.dll

JVMTI agents:
C:\Users\Asus\.gradle\wrapper\dists\gradle-8.14.3-all\10utluxaxniiv4wxiphsi49nj\gradle-8.14.3\lib\agents\gradle-instrumentation-agent-8.14.3.jar path:C:\Program Files\Android\Android Studio\jbr\bin\instrument.dll, loaded, initialized, instrumentlib options:none

dbghelp: loaded successfully - version: 4.0.5 - missing functions: none
symbol engine: initialized successfully - sym options: 0x614 - pdb path: .;C:\Program Files\Android\Android Studio\jbr\bin;C:\WINDOWS\SYSTEM32;C:\WINDOWS\WinSxS\amd64_microsoft.windows.common-controls_6595b64144ccf1df_6.0.26100.8972_none_3e0da176e32f9d4b;C:\Program Files\Android\Android Studio\jbr\bin\server;C:\Users\Asus\.gradle\native\1def1411415f61bf3af743bc5b6707747c0891f09f0c88961ee8f79bc544acac\windows-amd64;C:\Users\Asus\.gradle\native\0.2.7\x86_64-windows-gnu

VM Arguments:
jvm_args: --add-opens=java.base/java.lang=ALL-UNNAMED --add-opens=java.base/java.lang.invoke=ALL-UNNAMED --add-opens=java.base/java.util=ALL-UNNAMED --add-opens=java.prefs/java.util.prefs=ALL-UNNAMED --add-exports=jdk.compiler/com.sun.tools.javac.api=ALL-UNNAMED --add-exports=jdk.compiler/com.sun.tools.javac.util=ALL-UNNAMED --add-opens=java.base/java.util=ALL-UNNAMED --add-opens=java.prefs/java.util.prefs=ALL-UNNAMED --add-opens=java.base/java.nio.charset=ALL-UNNAMED --add-opens=java.base/java.net=ALL-UNNAMED --add-opens=java.base/java.util.concurrent.atomic=ALL-UNNAMED --add-opens=java.xml/javax.xml.namespace=ALL-UNNAMED -XX:MaxMetaspaceSize=1G -XX:+HeapDumpOnOutOfMemoryError -Xmx4G -Dfile.encoding=UTF-8 -Duser.country=VE -Duser.language=es -Duser.variant -javaagent:C:\Users\Asus\.gradle\wrapper\dists\gradle-8.14.3-all\10utluxaxniiv4wxiphsi49nj\gradle-8.14.3\lib\agents\gradle-instrumentation-agent-8.14.3.jar 
java_command: org.gradle.launcher.daemon.bootstrap.GradleDaemon 8.14.3
java_class_path (initial): C:\Users\Asus\.gradle\wrapper\dists\gradle-8.14.3-all\10utluxaxniiv4wxiphsi49nj\gradle-8.14.3\lib\gradle-daemon-main-8.14.3.jar
Launcher Type: SUN_STANDARD

[Global flags]
     intx CICompilerCount                          = 12                                        {product} {ergonomic}
   size_t CompressedClassSpaceSize                 = 872415232                                 {product} {ergonomic}
     uint ConcGCThreads                            = 3                                         {product} {ergonomic}
     uint G1ConcRefinementThreads                  = 13                                        {product} {ergonomic}
   size_t G1HeapRegionSize                         = 2097152                                   {product} {ergonomic}
    uintx GCDrainStackTargetSize                   = 64                                        {product} {ergonomic}
     bool HeapDumpOnOutOfMemoryError               = true                                   {manageable} {command line}
   size_t InitialHeapSize                          = 264241152                                 {product} {ergonomic}
   size_t MarkStackSize                            = 4194304                                   {product} {ergonomic}
   size_t MaxHeapSize                              = 4294967296                                {product} {command line}
   size_t MaxMetaspaceSize                         = 1073741824                                {product} {command line}
   size_t MaxNewSize                               = 2575302656                                {product} {ergonomic}
   size_t MinHeapDeltaBytes                        = 2097152                                   {product} {ergonomic}
   size_t MinHeapSize                              = 8388608                                   {product} {ergonomic}
    uintx NonNMethodCodeHeapSize                   = 7602480                                {pd product} {ergonomic}
    uintx NonProfiledCodeHeapSize                  = 122027880                              {pd product} {ergonomic}
    uintx ProfiledCodeHeapSize                     = 122027880                              {pd product} {ergonomic}
    uintx ReservedCodeCacheSize                    = 251658240                              {pd product} {ergonomic}
     bool SegmentedCodeCache                       = true                                      {product} {ergonomic}
   size_t SoftMaxHeapSize                          = 4294967296                             {manageable} {ergonomic}
     bool UseCompressedOops                        = true                           {product lp64_product} {ergonomic}
     bool UseG1GC                                  = true                                      {product} {ergonomic}
     bool UseLargePagesIndividualAllocation        = false                                  {pd product} {ergonomic}

Logging:
Log output configuration:
 #0: stdout all=warning uptime,level,tags foldmultilines=false
 #1: stderr all=off uptime,level,tags foldmultilines=false

Release file:
JAVA_VERSION="21.0.10" 
MODULES="java.base java.compiler java.datatransfer java.xml java.prefs java.desktop java.instrument java.logging java.management java.security.sasl java.naming java.rmi java.management.rmi java.net.http java.scripting java.security.jgss java.transaction.xa java.sql java.sql.rowset java.xml.crypto java.se java.smartcardio jdk.accessibility jdk.internal.jvmstat jdk.attach jdk.charsets jdk.internal.opt jdk.zipfs jdk.compiler jdk.crypto.ec jdk.crypto.cryptoki jdk.dynalink jdk.hotspot.agent jdk.httpserver jdk.internal.ed jdk.internal.le jdk.internal.vm.ci jdk.jartool jdk.javadoc jdk.jcmd jdk.jdeps jdk.jdwp.agent jdk.jdi jdk.jfr jdk.jlink jdk.jsobject jdk.localedata jdk.management jdk.management.agent jdk.management.jfr jdk.naming.dns jdk.naming.rmi jdk.net jdk.sctp jdk.security.auth jdk.security.jgss jdk.unsupported jdk.unsupported.desktop jdk.xml.dom" 
IMPLEMENTOR="JetBrains s.r.o." 
JAVA_RUNTIME_VERSION="21.0.10+-14961533-b1163.108" 
LIBC="default" 
OS_ARCH="x86_64" 
OS_NAME="Windows" 
SOURCE=".:git:1351622c2ff2" 

Environment Variables:
JAVA_HOME=C:\Program Files\Android\Android Studio\jbr
CLASSPATH=C:\laragon\www\nexus_krimson\nexus_rs_app\android\\gradle\wrapper\gradle-wrapper.jar
PATH=C:\Program Files\Android\Android Studio\jbr\bin;c:\Users\Asus\AppData\Local\Programs\cursor\resources\app\node_modules\@vscode\ripgrep\bin;C:\Program Files\ImageMagick-7.1.2-Q16-HDRI;c:\Users\Asus\AppData\Local\Programs\cursor\resources\app\bin;C:\Windows\system32;C:\Windows;C:\Windows\System32\Wbem;C:\Windows\System32\WindowsPowerShell\v1.0\;C:\Windows\System32\OpenSSH\;C:\Program Files (x86)\NVIDIA Corporation\PhysX\Common;C:\Program Files\dotnet\;C:\Program Files\Git\cmd;C:\Program Files\NVIDIA Corporation\NVIDIA app\NvDLISR;C:\WINDOWS\system32;C:\WINDOWS;C:\WINDOWS\System32\Wbem;C:\WINDOWS\System32\WindowsPowerShell\v1.0\;C:\WINDOWS\System32\OpenSSH\;C:\Users\Asus\.console-ninja\.bin;C:\Users\Asus\AppData\Local\Microsoft\WindowsApps;C:\Users\Asus\AppData\Local\Microsoft\WindowsApps;c:\Users\Asus\AppData\Local\Programs\cursor\resources\app\bin;c:\Users\Asus\AppData\Local\Programs\cursor\resources\app\bin;C:\Program Files\PuTTY\;C:\Program Files (x86)\Windows Kits\10\Windows Performance Toolkit\;C:\Program Files\nodejs\;C:\Program Files\Docker\Docker\resources\bin;C:\Users\Asus\AppData\Local\Programs\Python\Python313\Scripts\;C:\Users\Asus\AppData\Local\Programs\Python\Python313\;C:\Users\Asus\AppData\Local\Programs\Python\Launcher\;C:\Users\Asus\.console-ninja\.bin;C:\Users\Asus\AppData\Local\Microsoft\WindowsApps;C:\Users\Asus\AppData\Local\Programs\Microsoft VS Code\bin;C:\Users\Asus\AppData\Local\Microsoft\WindowsApps;C:\Users\Asus\AppData\Local\Programs\Kiro\bin;C:\Users\Asus\AppData\Local\Python\bin;C:\Users\Asus\AppData\Roaming\npm;C:\Users\Asus\AppData\Local\Programs\cursor\resources\app\bin;C:\Users\Asus\flutter\bin;C:\Users\Asus\.dotnet\tools
USERNAME=Asus
TERM=dumb
OS=Windows_NT
PROCESSOR_IDENTIFIER=Intel64 Family 6 Model 186 Stepping 2, GenuineIntel
TMP=C:\Users\Asus\AppData\Local\Temp
TEMP=C:\Users\Asus\AppData\Local\Temp




Periodic native trim disabled

JNI global refs:
JNI global refs: 37, weak refs: 9

JNI global refs memory usage: 835, weak refs: 833

Process memory usage:
Resident Set Size: 368596K (2% of 16395244K total physical memory with 187668K free physical memory)

OOME stack traces (most recent first):
Classloader memory used:
Loader org.gradle.internal.classloader.VisitableURLClassLoader                         : 41707K
Loader bootstrap                                                                       : 26093K
Loader org.gradle.initialization.MixInLegacyTypesClassLoader                           : 12257K
Loader org.gradle.internal.classloader.VisitableURLClassLoader$InstrumentingVisitableURLClassLoader: 6922K
Loader jdk.internal.loader.ClassLoaders$PlatformClassLoader                            : 563K
Loader jdk.internal.loader.ClassLoaders$AppClassLoader                                 : 238K
Loader jdk.internal.reflect.DelegatingClassLoader                                      : 101K
Loader org.gradle.internal.classloader.VisitableURLClassLoader                         : 76536B
Loader org.gradle.groovy.scripts.internal.DefaultScriptCompilationHandler$ScriptClassLoader: 50488B
Loader org.codehaus.groovy.runtime.callsite.CallSiteClassLoader                        : 17224B

Classes loaded by more than one classloader:
Class Program                                                                         : loaded 3 times (x 72B)
Class org.gradle.internal.classloader.ClassLoaderHierarchy                            : loaded 2 times (x 70B)
Class org.gradle.api.internal.classpath.ManifestUtil                                  : loaded 2 times (x 71B)
Class org.gradle.internal.classloader.DefaultClassLoaderFactory                       : loaded 2 times (x 82B)
Class org.gradle.internal.classloader.ClassLoaderVisitor                              : loaded 2 times (x 76B)
Class org.gradle.api.internal.classpath.EffectiveClassPath                            : loaded 2 times (x 90B)
Class org.gradle.api.internal.DefaultClassPathProvider                                : loaded 2 times (x 76B)
Class [Lorg.gradle.api.internal.ClassPathProvider;                                    : loaded 2 times (x 69B)
Class org.gradle.api.internal.ClassPathProvider                                       : loaded 2 times (x 70B)
Class org.gradle.internal.service.UnknownServiceException                             : loaded 2 times (x 83B)
Class org.gradle.internal.classpath.TransformedClassPath                              : loaded 2 times (x 96B)
Class org.gradle.internal.classloader.InstrumentingClassLoader                        : loaded 2 times (x 70B)
Class org.gradle.internal.service.ServiceLocator                                      : loaded 2 times (x 70B)
Class org.gradle.internal.InternalTransformer                                         : loaded 2 times (x 70B)
Class org.gradle.internal.classloader.ClasspathUtil$1                                 : loaded 2 times (x 76B)
Class org.gradle.api.internal.classpath.DefaultModuleRegistry$DefaultModule           : loaded 2 times (x 86B)
Class org.gradle.api.internal.classpath.Module                                        : loaded 2 times (x 70B)
Class org.gradle.api.internal.classpath.UnknownModuleException                        : loaded 2 times (x 82B)
Class org.gradle.api.internal.DefaultClassPathRegistry                                : loaded 2 times (x 76B)
Class org.gradle.api.internal.ClassPathRegistry                                       : loaded 2 times (x 70B)
Class org.gradle.internal.classpath.DefaultClassPath$ImmutableUniqueList              : loaded 2 times (x 199B)
Class org.gradle.internal.classloader.FilteringClassLoader                            : loaded 2 times (x 105B)
Class org.gradle.internal.classpath.ClassPath                                         : loaded 2 times (x 70B)
Class org.gradle.api.UncheckedIOException                                             : loaded 2 times (x 82B)
Class org.gradle.internal.installation.GradleInstallation$1                           : loaded 2 times (x 75B)
Class org.gradle.api.internal.classpath.ModuleRegistry                                : loaded 2 times (x 70B)
Class org.gradle.api.internal.classpath.DefaultModuleRegistry                         : loaded 2 times (x 86B)
Class org.gradle.internal.service.ServiceLookupException                              : loaded 2 times (x 82B)
Class org.gradle.internal.classloader.ClassLoaderFactory                              : loaded 2 times (x 70B)
Class org.gradle.internal.service.CachingServiceLocator                               : loaded 2 times (x 82B)
Class org.gradle.internal.classloader.ClasspathUtil                                   : loaded 2 times (x 71B)
Class org.gradle.api.specs.Spec                                                       : loaded 2 times (x 70B)
Class Build_gradle$1                                                                  : loaded 2 times (x 78B)
Class org.gradle.internal.classloader.VisitableURLClassLoader$InstrumentingVisitableURLClassLoader: loaded 2 times (x 123B)
Class org.gradle.internal.classloader.VisitableURLClassLoader$Spec                    : loaded 2 times (x 74B)
Class org.gradle.internal.classpath.DefaultClassPath                                  : loaded 2 times (x 90B)
Class org.gradle.internal.classloader.ClassLoaderSpec                                 : loaded 2 times (x 71B)
Class org.gradle.internal.classloader.VisitableURLClassLoader                         : loaded 2 times (x 117B)
Class org.gradle.internal.Cast                                                        : loaded 2 times (x 71B)
Class org.gradle.api.Action                                                           : loaded 2 times (x 70B)
Class org.gradle.internal.classpath.DefaultClassPath$ImmutableUniqueList$Builder      : loaded 2 times (x 75B)
Class org.gradle.api.GradleException                                                  : loaded 2 times (x 82B)
Class org.gradle.internal.IoActions                                                   : loaded 2 times (x 71B)
Class org.gradle.internal.classloader.SystemClassLoaderSpec                           : loaded 2 times (x 71B)
Class org.gradle.api.internal.classpath.GlobalCacheRootsProvider                      : loaded 2 times (x 70B)
Class Build_gradle                                                                    : loaded 2 times (x 130B)
Class org.gradle.internal.installation.CurrentGradleInstallationLocator               : loaded 2 times (x 71B)
Class org.gradle.internal.service.DefaultServiceLocator                               : loaded 2 times (x 83B)
Class org.gradle.internal.installation.CurrentGradleInstallation                      : loaded 2 times (x 73B)
Class org.gradle.util.internal.GUtil                                                  : loaded 2 times (x 71B)
Class org.gradle.internal.installation.GradleInstallation                             : loaded 2 times (x 75B)

---------------  S Y S T E M  ---------------

OS:
 Windows 11 , 64 bit Build 26100 (10.0.26100.9168)
OS uptime: 2 days 7:07 hours
Hyper-V role detected

CPU: total 16 (initial active 16) (8 cores per cpu, 2 threads per core) family 6 model 186 stepping 2 microcode 0x4122, cx8, cmov, fxsr, ht, mmx, 3dnowpref, sse, sse2, sse3, ssse3, sse4.1, sse4.2, popcnt, lzcnt, tsc, tscinvbit, avx, avx2, aes, erms, clmul, bmi1, bmi2, adx, sha, fma, vzeroupper, clflush, clflushopt, clwb, hv, serialize, rdtscp, rdpid, fsrm, f16c, cet_ibt, cet_ss
Processor Information for the first 16 processors :
  Max Mhz: 2400, Current Mhz: 2400, Mhz Limit: 2400

Memory: 4k page, system-wide physical 16010M (184M free)
TotalPageFile size 65162M (AvailPageFile size 28M)
current process WorkingSet (physical memory assigned to process): 361M, peak: 361M
current process commit charge ("private bytes"): 404M, peak: 408M

vm_info: OpenJDK 64-Bit Server VM (21.0.10+-14961533-b1163.108) for windows-amd64 JRE (21.0.10+-14961533-b1163.108), built on 2026-03-02T19:58:50Z by "builder" with MS VC++ 16.10 / 16.11 (VS2019)

END.
